#
# There is insufficient memory for the Java Runtime Environment to continue.
# Native memory allocation (mmap) failed to map 100663296 bytes. Error detail: G1 virtual space
# Possible reasons:
#   The system is out of physical RAM or swap space
#   This process is running with CompressedOops enabled, and the Java Heap may be blocking the growth of the native heap
# Possible solutions:
#   Reduce memory load on the system
#   Increase physical memory or swap space
#   Check if swap backing store is full
#   Decrease Java heap size (-Xmx/-Xms)
#   Decrease number of Java threads
#   Decrease Java thread stack sizes (-Xss)
#   Set larger code cache with -XX:ReservedCodeCacheSize=
#   JVM is running with Unscaled Compressed Oops mode in which the Java heap is
#     placed in the first 4GB address space. The Java Heap base address is the
#     maximum limit for the native heap growth. Please use -XX:HeapBaseMinAddress
#     to set the Java Heap base and to place the Java Heap above 4GB virtual address.
# This output file may be truncated or incomplete.
#
#  Out of Memory Error (os_windows.cpp:3925), pid=6924, tid=16624
#
# JRE version:  (21.0.8) (build )
# Java VM: OpenJDK 64-Bit Server VM (21.0.8+-14196175-b1038.72, mixed mode, sharing, tiered, compressed oops, compressed class ptrs, g1 gc, windows-amd64)
# No core dump will be written. Minidumps are not enabled by default on client versions of Windows
#

---------------  S U M M A R Y ------------

Command Line: 

Host: AMD Ryzen 5 PRO 3500U w/ Radeon Vega Mobile Gfx, 8 cores, 5G,  Windows 11 , 64 bit Build 26100 (10.0.26100.8521)
Time: Tue Jun  9 00:14:39 2026 Egypt Daylight Time elapsed time: 0.017759 seconds (0d 0h 0m 0s)

---------------  T H R E A D  ---------------

Current thread (0x000001ff77cf0200):  JavaThread "Unknown thread" [_thread_in_vm, id=16624, stack(0x00000049f7600000,0x00000049f7700000) (1024K)]

Stack: [0x00000049f7600000,0x00000049f7700000]
Native frames: (J=compiled Java code, j=interpreted, Vv=VM code, C=native code)
V  [jvm.dll+0x6d68d9]
V  [jvm.dll+0x866693]
V  [jvm.dll+0x868c4e]
V  [jvm.dll+0x869333]
V  [jvm.dll+0x280566]
V  [jvm.dll+0x6d3195]
V  [jvm.dll+0x6c69ea]
V  [jvm.dll+0x3586db]
V  [jvm.dll+0x360336]
V  [jvm.dll+0x3b23f6]
V  [jvm.dll+0x3b26c8]
V  [jvm.dll+0x32ae6c]
V  [jvm.dll+0x32bb5b]
V  [jvm.dll+0x82e109]
V  [jvm.dll+0x3bf5c8]
V  [jvm.dll+0x817388]
V  [jvm.dll+0x453b6e]
V  [jvm.dll+0x4552d1]
C  [jli.dll+0x52ab]
C  [ucrtbase.dll+0x2cd30]
C  [KERNEL32.DLL+0x2e957]
C  [ntdll.dll+0x87c1c]


---------------  P R O C E S S  ---------------

Threads class SMR info:
_java_thread_list=0x00007ff82a35b988, length=0, elements={
}

Java Threads: ( => current thread )
Total: 0

Other Threads:
  0x000001ff7a06dd50 WorkerThread "GC Thread#0"                     [id=10088, stack(0x00000049f7700000,0x00000049f7800000) (1024K)]
  0x000001ff7a07aa30 ConcurrentGCThread "G1 Main Marker"            [id=14812, stack(0x00000049f7800000,0x00000049f7900000) (1024K)]
  0x000001ff7a07c370 WorkerThread "G1 Conc#0"                       [id=16888, stack(0x00000049f7900000,0x00000049f7a00000) (1024K)]

[error occurred during error reporting (printing all threads), id 0xc0000005, EXCEPTION_ACCESS_VIOLATION (0xc0000005) at pc=0x00007ff829b4ddd7]
VM state: not at safepoint (not fully initialized)

VM Mutex/Monitor currently owned by a thread:  ([mutex/lock_event])
[0x00007ff82a3c86b8] Heap_lock - owner thread: 0x000001ff77cf0200

Heap address: 0x00000000a1800000, size: 1512 MB, Compressed Oops mode: 32-bit

CDS archive(s) mapped at: [0x0000000000000000-0x0000000000000000-0x0000000000000000), size 0, SharedBaseAddress: 0x0000000800000000, ArchiveRelocationMode: 1.
Narrow klass base: 0x0000000000000000, Narrow klass shift: 0, Narrow klass range: 0x0

GC Precious Log:
 CardTable entry size: 512
 Card Set container configuration: InlinePtr #cards 5 size 8 Array Of Cards #cards 12 size 40 Howl #buckets 4 coarsen threshold 1843 Howl Bitmap #cards 512 size 80 coarsen threshold 460 Card regions per heap region 1 cards per card region 2048

Heap:
 garbage-first heap   total 0K, used 0K [0x00000000a1800000, 0x0000000100000000)
  region size 1024K, 0 young (0K), 0 survivors (0K)
 Metaspace       used 0K, committed 0K, reserved 0K
  class space    used 0K, committed 0K, reserved 0K

Heap Regions: E=young(eden), S=young(survivor), O=old, HS=humongous(starts), HC=humongous(continues), CS=collection set, F=free, TAMS=top-at-mark-start, PB=parsable bottom

Card table byte_map: [0x000001ff7d7b0000,0x000001ff7dab0000] _byte_map_base: 0x000001ff7d2a4000

Marking Bits: (CMBitMap*) 0x000001ff7a06e450
 Bits: [0x000001ff7dab0000, 0x000001ff7f250000)

GC Heap History (0 events):
No events

Dll operation events (1 events):
Event: 0.012 Loaded shared library C:\Program Files\Android\Android Studio\jbr\bin\java.dll

Deoptimization events (0 events):
No events

Classes loaded (0 events):
No events

Classes unloaded (0 events):
No events

Classes redefined (0 events):
No events

Internal exceptions (0 events):
No events

ZGC Phase Switch (0 events):
No events

VM Operations (0 events):
No events

Memory protections (0 events):
No events

Nmethod flushes (0 events):
No events

Events (0 events):
No events


Dynamic libraries:
0x00007ff728a30000 - 0x00007ff728a3a000 	C:\Program Files\Android\Android Studio\jbr\bin\java.EXE
0x00007ff8a1020000 - 0x00007ff8a1286000 	C:\WINDOWS\SYSTEM32\ntdll.dll
0x00007ff89fe70000 - 0x00007ff89ff39000 	C:\WINDOWS\System32\KERNEL32.DLL
0x00007ff89e860000 - 0x00007ff89ec5a000 	C:\WINDOWS\System32\KERNELBASE.dll
0x00007ff89e570000 - 0x00007ff89e6bc000 	C:\WINDOWS\System32\ucrtbase.dll
0x00007ff88bc70000 - 0x00007ff88bc88000 	C:\Program Files\Android\Android Studio\jbr\bin\jli.dll
0x00007ff88bc30000 - 0x00007ff88bc4b000 	C:\Program Files\Android\Android Studio\jbr\bin\VCRUNTIME140.dll
0x00007ff89f8f0000 - 0x00007ff89fab7000 	C:\WINDOWS\System32\USER32.dll
0x00007ff89e6c0000 - 0x00007ff89e6e7000 	C:\WINDOWS\System32\win32u.dll
0x00007ff87c470000 - 0x00007ff87c702000 	C:\WINDOWS\WinSxS\amd64_microsoft.windows.common-controls_6595b64144ccf1df_6.0.26100.8521_none_3e08b75ce33403b3\COMCTL32.dll
0x00007ff89f300000 - 0x00007ff89f32b000 	C:\WINDOWS\System32\GDI32.dll
0x00007ff89fcc0000 - 0x00007ff89fd69000 	C:\WINDOWS\System32\msvcrt.dll
0x00007ff89ec60000 - 0x00007ff89ed8b000 	C:\WINDOWS\System32\gdi32full.dll
0x00007ff89e4c0000 - 0x00007ff89e563000 	C:\WINDOWS\System32\msvcp_win.dll
0x00007ff8a0f30000 - 0x00007ff8a0f62000 	C:\WINDOWS\System32\IMM32.DLL
0x00007ff88bc60000 - 0x00007ff88bc6c000 	C:\Program Files\Android\Android Studio\jbr\bin\vcruntime140_1.dll
0x00007ff88bba0000 - 0x00007ff88bc2d000 	C:\Program Files\Android\Android Studio\jbr\bin\msvcp140.dll
0x00007ff829810000 - 0x00007ff82a4a6000 	C:\Program Files\Android\Android Studio\jbr\bin\server\jvm.dll
0x00007ff89f580000 - 0x00007ff89f636000 	C:\WINDOWS\System32\ADVAPI32.dll
0x00007ff89f830000 - 0x00007ff89f8da000 	C:\WINDOWS\System32\sechost.dll
0x00007ff89ff40000 - 0x00007ff8a0058000 	C:\WINDOWS\System32\RPCRT4.dll
0x00007ff89fc30000 - 0x00007ff89fcb0000 	C:\WINDOWS\System32\WS2_32.dll
0x00007ff89e110000 - 0x00007ff89e16e000 	C:\WINDOWS\SYSTEM32\POWRPROF.dll
0x00007ff895b20000 - 0x00007ff895b56000 	C:\WINDOWS\SYSTEM32\WINMM.dll
0x00007ff89b980000 - 0x00007ff89b98b000 	C:\WINDOWS\SYSTEM32\VERSION.dll
0x00007ff89e0f0000 - 0x00007ff89e104000 	C:\WINDOWS\SYSTEM32\UMPDC.dll
0x00007ff89d040000 - 0x00007ff89d05b000 	C:\WINDOWS\SYSTEM32\kernel.appcore.dll
0x00007ff88bb90000 - 0x00007ff88bb9a000 	C:\Program Files\Android\Android Studio\jbr\bin\jimage.dll
0x00007ff89b560000 - 0x00007ff89b7a2000 	C:\WINDOWS\SYSTEM32\DBGHELP.DLL
0x00007ff89ef70000 - 0x00007ff89f2f3000 	C:\WINDOWS\System32\combase.dll
0x00007ff8a08b0000 - 0x00007ff8a0989000 	C:\WINDOWS\System32\OLEAUT32.dll
0x00007ff884290000 - 0x00007ff8842cb000 	C:\WINDOWS\SYSTEM32\dbgcore.DLL
0x00007ff89e6f0000 - 0x00007ff89e798000 	C:\WINDOWS\System32\bcryptPrimitives.dll
0x00007ff88bb70000 - 0x00007ff88bb90000 	C:\Program Files\Android\Android Studio\jbr\bin\java.dll

JVMTI agents: none

dbghelp: loaded successfully - version: 4.0.5 - missing functions: none
symbol engine: initialized successfully - sym options: 0x614 - pdb path: .;C:\Program Files\Android\Android Studio\jbr\bin;C:\WINDOWS\SYSTEM32;C:\WINDOWS\WinSxS\amd64_microsoft.windows.common-controls_6595b64144ccf1df_6.0.26100.8521_none_3e08b75ce33403b3;C:\Program Files\Android\Android Studio\jbr\bin\server

VM Arguments:
java_command: <unknown>
java_class_path (initial): <not set>
Launcher Type: SUN_STANDARD

[Global flags]
     intx CICompilerCount                          = 4                                         {product} {ergonomic}
     uint ConcGCThreads                            = 2                                         {product} {ergonomic}
     uint G1ConcRefinementThreads                  = 8                                         {product} {ergonomic}
   size_t G1HeapRegionSize                         = 1048576                                   {product} {ergonomic}
    uintx GCDrainStackTargetSize                   = 64                                        {product} {ergonomic}
   size_t InitialHeapSize                          = 100663296                                 {product} {ergonomic}
   size_t MarkStackSize                            = 4194304                                   {product} {ergonomic}
   size_t MaxHeapSize                              = 1585446912                                {product} {ergonomic}
   size_t MinHeapDeltaBytes                        = 1048576                                   {product} {ergonomic}
   size_t MinHeapSize                              = 8388608                                   {product} {ergonomic}
    uintx NonNMethodCodeHeapSize                   = 5839372                                {pd product} {ergonomic}
    uintx NonProfiledCodeHeapSize                  = 122909434                              {pd product} {ergonomic}
    uintx ProfiledCodeHeapSize                     = 122909434                              {pd product} {ergonomic}
    uintx ReservedCodeCacheSize                    = 251658240                              {pd product} {ergonomic}
     bool SegmentedCodeCache                       = true                                      {product} {ergonomic}
   size_t SoftMaxHeapSize                          = 1585446912                             {manageable} {ergonomic}
     bool UseCompressedOops                        = true                           {product lp64_product} {ergonomic}
     bool UseG1GC                                  = true                                      {product} {ergonomic}
     bool UseLargePagesIndividualAllocation        = false                                  {pd product} {ergonomic}

Logging:
Log output configuration:
 #0: stdout all=warning uptime,level,tags foldmultilines=false
 #1: stderr all=off uptime,level,tags foldmultilines=false

Environment Variables:
PATH=C:\Program Files (x86)\NVIDIA Corporation\PhysX\Common;C:\WINDOWS\system32;C:\Program Files\Git\cmd;C:\WINDOWS;C:\WINDOWS\System32\Wbem;C:\WINDOWS\System32\WindowsPowerShell\v1.0\;C:\WINDOWS\System32\OpenSSH\;C:\Program Files\cursor\resources\app\bin;C:\Users\Maria\AppData\Local\Microsoft\WindowsApps;C:\Program Files\Git\bin;C:\src\flutter_windows_3.38.5-stable\flutter\bin;C:\Users\Maria\AppData\Local\Programs\Microsoft VS Code\bin;C:\Users\Maria\AppData\Local\GitHubDesktop\bin;C:\src\flutter_windows_3.38.5-stable\flutter\bin\mingit\cmd;C:\src\flutter_windows_3.38.5-stable\flutter\bin\mingit\cmd
USERNAME=Maria
OS=Windows_NT
PROCESSOR_IDENTIFIER=AMD64 Family 23 Model 24 Stepping 1, AuthenticAMD
TMP=C:\Users\Maria\AppData\Local\Temp
TEMP=C:\Users\Maria\AppData\Local\Temp




Periodic native trim disabled

JNI global refs:
JNI global refs: 0, weak refs: 0

JNI global refs memory usage: 0, weak refs: 0

Process memory usage:
Resident Set Size: 13664K (0% of 6190404K total physical memory with 554172K free physical memory)

OOME stack traces (most recent first):
Classloader memory used:

---------------  S Y S T E M  ---------------

OS:
 Windows 11 , 64 bit Build 26100 (10.0.26100.8521)
OS uptime: 0 days 0:47 hours

CPU: total 8 (initial active 8) (8 cores per cpu, 2 threads per core) family 23 model 24 stepping 1 microcode 0x810810e, cx8, cmov, fxsr, ht, mmx, 3dnowpref, sse, sse2, sse3, ssse3, sse4a, sse4.1, sse4.2, popcnt, lzcnt, tsc, tscinvbit, avx, avx2, aes, clmul, bmi1, bmi2, adx, sha, fma, vzeroupper, clflush, clflushopt, rdtscp, f16c
Processor Information for the first 8 processors :
  Max Mhz: 2100, Current Mhz: 2100, Mhz Limit: 2100

Memory: 4k page, system-wide physical 6045M (541M free)
TotalPageFile size 13311M (AvailPageFile size 92M)
current process WorkingSet (physical memory assigned to process): 13M, peak: 13M
current process commit charge ("private bytes"): 60M, peak: 156M

vm_info: OpenJDK 64-Bit Server VM (21.0.8+-14196175-b1038.72) for windows-amd64 JRE (21.0.8+-14196175-b1038.72), built on 2025-10-01T10:24:33Z by "builder" with MS VC++ 16.10 / 16.11 (VS2019)

END.
